// Jest Snapshot v1, https://goo.gl/fbAQLP

exports[`renders correctly 1`] = `
<div
  id="App"
>
  <header>
    Header
  </header>
  <main>
    <nav>
      <div>
        <label
          hmtlfor="foo"
        >
          foo
        </label>
        <input
          defaultValue={1}
          id="foo"
          max="5"
          min="0"
          name="foo"
          type="range"
        />
      </div>
      <div>
        <label
          hmtlfor="bar"
        >
          bar
        </label>
        <input
          defaultValue={2}
          id="bar"
          max="5"
          min="0"
          name="bar"
          type="range"
        />
      </div>
    </nav>
    <section>
      <article>
        Article 1
      </article>
      <article>
        Article 2
      </article>
      <article>
        Article 3
      </article>
    </section>
    <aside>
      ads
    </aside>
  </main>
  <footer>
    footer
  </footer>
</div>
`;
