// Jest Snapshot v1, https://goo.gl/fbAQLP

exports[`renders correctly 1`] = `
<div
  id="App"
>
  <header>
    Header
  </header>
  <main>
    <nav>
      <div>
        <label
          hmtlfor="mood_foo"
        >
          foo
        </label>
        <input
          id="mood_foo"
          max="5"
          min="0"
          name="mood_foo"
          onChange={[Function]}
          type="range"
          value={1}
        />
      </div>
      <div>
        <label
          hmtlfor="mood_bar"
        >
          bar
        </label>
        <input
          id="mood_bar"
          max="5"
          min="0"
          name="mood_bar"
          onChange={[Function]}
          type="range"
          value={2}
        />
      </div>
    </nav>
    <section>
      <article>
        Article 1
      </article>
      <article>
        Article 2
      </article>
      <article>
        Article 3
      </article>
    </section>
    <aside>
      ads
    </aside>
  </main>
  <footer>
    footer
  </footer>
</div>
`;
